---
source: crates/apollo-schema-index/src/traverse.rs
expression: paths
---
[
    "Query",
    "Query -> NotificationFilter",
    "Query -> NotificationFilter -> DateTime",
    "Query -> NotificationFilter -> NotificationPriority",
    "Query -> PostFilter",
    "Query -> PostFilter -> DateRangeInput",
    "Query -> PostFilter -> DateRangeInput -> DateTime",
    "Query -> PostFilter -> ContentStatus",
    "Query -> SearchResult",
    "Query -> SearchResult -> Tag",
    "Query -> SearchResult -> Tag -> Post",
    "Query -> SearchResult -> Tag -> Post -> PostAnalytics",
    "Query -> SearchResult -> Tag -> Post -> PostAnalytics -> Demographics",
    "Query -> SearchResult -> Tag -> Post -> PostAnalytics -> Demographics -> DeviceStats",
    "Query -> SearchResult -> Tag -> Post -> PostAnalytics -> Demographics -> LocationStats",
    "Query -> SearchResult -> Tag -> Post -> PostAnalytics -> Demographics -> AgeGroup",
    "Query -> SearchResult -> Tag -> Post -> Media",
    "Query -> SearchResult -> Tag -> Post -> Media -> User",
    "Query -> SearchResult -> Tag -> Post -> Media -> User -> UserPreferences",
    "Query -> SearchResult -> Tag -> Post -> Media -> User -> UserPreferences -> PrivacySettings",
    "Query -> SearchResult -> Tag -> Post -> Media -> User -> UserPreferences -> NotificationPreferences",
    "Query -> SearchResult -> Tag -> Post -> Media -> User -> Notification",
    "Query -> SearchResult -> Tag -> Post -> Media -> User -> Notification -> JSON",
    "Query -> SearchResult -> Tag -> Post -> Media -> User -> Notification -> DateTime",
    "Query -> SearchResult -> Tag -> Post -> Media -> User -> Notification -> NotificationPriority",
    "Query -> SearchResult -> Tag -> Post -> Media -> User -> Comment",
    "Query -> SearchResult -> Tag -> Post -> Media -> User -> Comment -> Reaction",
    "Query -> SearchResult -> Tag -> Post -> Media -> User -> Comment -> Reaction -> DateTime",
    "Query -> SearchResult -> Tag -> Post -> Media -> User -> Comment -> DateTime",
    "Query -> SearchResult -> Tag -> Post -> Media -> User -> UserProfile",
    "Query -> SearchResult -> Tag -> Post -> Media -> User -> UserProfile -> Location",
    "Query -> SearchResult -> Tag -> Post -> Media -> User -> UserProfile -> Location -> Coordinates",
    "Query -> SearchResult -> Tag -> Post -> Media -> User -> UserProfile -> SocialLink",
    "Query -> SearchResult -> Tag -> Post -> Media -> User -> UserRole",
    "Query -> SearchResult -> Tag -> Post -> Media -> User -> DateTime",
    "Query -> SearchResult -> Tag -> Post -> Media -> MediaMetadata",
    "Query -> SearchResult -> Tag -> Post -> Media -> MediaMetadata -> Dimensions",
    "Query -> SearchResult -> Tag -> Post -> Media -> MediaType",
    "Query -> SearchResult -> Tag -> Post -> Comment",
    "Query -> SearchResult -> Tag -> Post -> JSON",
    "Query -> SearchResult -> Tag -> Post -> User",
    "Query -> SearchResult -> Tag -> Post -> ContentStatus",
    "Query -> SearchResult -> Tag -> Post -> DateTime",
    "Query -> SearchResult -> Comment",
    "Query -> SearchResult -> Post",
    "Query -> SearchResult -> User",
    "Query -> Notification",
    "Query -> Comment",
    "Query -> Post",
    "Query -> User",
    "Query -> Node",
    "Query -> Node -> DateTime",
    "Mutation",
    "Mutation -> UserPreferencesInput",
    "Mutation -> UserPreferencesInput -> PrivacySettingsInput",
    "Mutation -> UserPreferencesInput -> NotificationPreferencesInput",
    "Mutation -> Upload",
    "Mutation -> CreateCommentInput",
    "Mutation -> UpdatePostInput",
    "Mutation -> UpdatePostInput -> ContentStatus",
    "Mutation -> CreatePostInput",
    "Mutation -> CreatePostInput -> Upload",
    "Mutation -> CreatePostInput -> ContentStatus",
    "Mutation -> CreateUserInput",
    "Mutation -> CreateUserInput -> CreateUserProfileInput",
    "Mutation -> CreateUserInput -> CreateUserProfileInput -> CreateLocationInput",
    "Mutation -> CreateUserInput -> CreateUserProfileInput -> CreateLocationInput -> CreateCoordinatesInput",
    "Mutation -> CreateUserInput -> UserRole",
    "Mutation -> UserPreferences",
    "Mutation -> Media",
    "Mutation -> Comment",
    "Mutation -> Post",
    "Mutation -> User",
    "Subscription",
    "Subscription -> Notification",
    "Subscription -> Comment",
    "Subscription -> Post",
]
